#
# There is insufficient memory for the Java Runtime Environment to continue.
# Native memory allocation (mmap) failed to map 167772160 bytes. Error detail: G1 virtual space
# Possible reasons:
#   The system is out of physical RAM or swap space
#   This process is running with CompressedOops enabled, and the Java Heap may be blocking the growth of the native heap
# Possible solutions:
#   Reduce memory load on the system
#   Increase physical memory or swap space
#   Check if swap backing store is full
#   Decrease Java heap size (-Xmx/-Xms)
#   Decrease number of Java threads
#   Decrease Java thread stack sizes (-Xss)
#   Set larger code cache with -XX:ReservedCodeCacheSize=
#   JVM is running with Zero Based Compressed Oops mode in which the Java heap is
#     placed in the first 32GB address space. The Java Heap base address is the
#     maximum limit for the native heap growth. Please use -XX:HeapBaseMinAddress
#     to set the Java Heap base and to place the Java Heap above 32GB virtual address.
# This output file may be truncated or incomplete.
#
#  Out of Memory Error (os_windows.cpp:3898), pid=18144, tid=18304
#
# JRE version:  (21.0.6+8) (build )
# Java VM: OpenJDK 64-Bit Server VM (21.0.6+8-b631.39, mixed mode, sharing, tiered, compressed oops, compressed class ptrs, g1 gc, windows-amd64)
# No core dump will be written. Minidumps are not enabled by default on client versions of Windows
#

---------------  S U M M A R Y ------------

Command Line: git4idea.http.GitAskPassApp Username for 'https://github.com': 

Host: AMD Ryzen 3 3200U with Radeon Vega Mobile Gfx  , 4 cores, 9G,  Windows 11 , 64 bit Build 26100 (10.0.26100.9168)
Time: Thu Aug 20 17:25:51 2026 Jordan Standard Time elapsed time: 0.031099 seconds (0d 0h 0m 0s)

---------------  T H R E A D  ---------------

Current thread (0x0000027875c86b20):  JavaThread "Unknown thread" [_thread_in_vm, id=18304, stack(0x000000d8eee00000,0x000000d8eef00000) (1024K)]

Stack: [0x000000d8eee00000,0x000000d8eef00000]
Native frames: (J=compiled Java code, j=interpreted, Vv=VM code, C=native code)
V  [jvm.dll+0x6e5d39]
V  [jvm.dll+0x8c4133]
V  [jvm.dll+0x8c668e]
V  [jvm.dll+0x8c6d73]
V  [jvm.dll+0x288f76]
V  [jvm.dll+0x6e25f5]
V  [jvm.dll+0x6d60aa]
V  [jvm.dll+0x3635bb]
V  [jvm.dll+0x36b186]
V  [jvm.dll+0x3bd4b6]
V  [jvm.dll+0x3bd788]
V  [jvm.dll+0x335d2c]
V  [jvm.dll+0x336a1b]
V  [jvm.dll+0x88b589]
V  [jvm.dll+0x3ca688]
V  [jvm.dll+0x874698]
V  [jvm.dll+0x45f04e]
V  [jvm.dll+0x460d31]
C  [jli.dll+0x52ab]
C  [ucrtbase.dll+0x2cd30]
C  [KERNEL32.DLL+0x2ccb7]
C  [ntdll.dll+0xaad6c]


---------------  P R O C E S S  ---------------

Threads class SMR info:
_java_thread_list=0x00007ff805b6a148, length=0, elements={
}

Java Threads: ( => current thread )
Total: 0

Other Threads:
  0x0000027877fdb8e0 WorkerThread "GC Thread#0"                     [id=16532, stack(0x000000d8eef00000,0x000000d8ef000000) (1024K)]
  0x0000027877fe8630 ConcurrentGCThread "G1 Main Marker"            [id=5296, stack(0x000000d8ef000000,0x000000d8ef100000) (1024K)]
  0x0000027877fea8e0 WorkerThread "G1 Conc#0"                       [id=2084, stack(0x000000d8ef100000,0x000000d8ef200000) (1024K)]

[error occurred during error reporting (printing all threads), id 0xc0000005, EXCEPTION_ACCESS_VIOLATION (0xc0000005) at pc=0x00007ff805258de7]
VM state: not at safepoint (not fully initialized)

VM Mutex/Monitor currently owned by a thread:  ([mutex/lock_event])
[0x00007ff805bdeb30] Heap_lock - owner thread: 0x0000027875c86b20

Heap address: 0x0000000761e00000, size: 2530 MB, Compressed Oops mode: Zero based, Oop shift amount: 3

CDS archive(s) mapped at: [0x0000000000000000-0x0000000000000000-0x0000000000000000), size 0, SharedBaseAddress: 0x0000000800000000, ArchiveRelocationMode: 1.
Narrow klass base: 0x0000000000000000, Narrow klass shift: 0, Narrow klass range: 0x0

GC Precious Log:
 CardTable entry size: 512
 Card Set container configuration: InlinePtr #cards 4 size 8 Array Of Cards #cards 16 size 48 Howl #buckets 8 coarsen threshold 3686 Howl Bitmap #cards 512 size 80 coarsen threshold 460 Card regions per heap region 1 cards per card region 4096

Heap:
 garbage-first heap   total 0K, used 0K [0x0000000761e00000, 0x0000000800000000)
  region size 2048K, 0 young (0K), 0 survivors (0K)
 Metaspace       used 0K, committed 0K, reserved 0K
  class space    used 0K, committed 0K, reserved 0K

Heap Regions: E=young(eden), S=young(survivor), O=old, HS=humongous(starts), HC=humongous(continues), CS=collection set, F=free, TAMS=top-at-mark-start, PB=parsable bottom

Card table byte_map: [0x000002787c420000,0x000002787c920000] _byte_map_base: 0x0000027878911000

Marking Bits: (CMBitMap*) 0x0000027877fdcff0
 Bits: [0x000002787c920000, 0x000002787f0a8000)

GC Heap History (0 events):
No events

Dll operation events (1 events):
Event: 0.021 Loaded shared library C:\Program Files\JetBrains\PyCharm Community Edition 2024.3.4\jbr\bin\java.dll

Deoptimization events (0 events):
No events

Classes loaded (0 events):
No events

Classes unloaded (0 events):
No events

Classes redefined (0 events):
No events

Internal exceptions (0 events):
No events

ZGC Phase Switch (0 events):
No events

VM Operations (0 events):
No events

Memory protections (0 events):
No events

Nmethod flushes (0 events):
No events

Events (0 events):
No events


Dynamic libraries:
0x00007ff7706d0000 - 0x00007ff7706da000 	C:\Program Files\JetBrains\PyCharm Community Edition 2024.3.4\jbr\bin\java.exe
0x00007ff8a3420000 - 0x00007ff8a3686000 	C:\WINDOWS\SYSTEM32\ntdll.dll
0x00007ff871870000 - 0x00007ff871891000 	C:\Program Files\Avast Software\Avast\aswhook.dll
0x00007ff8a2270000 - 0x00007ff8a2339000 	C:\WINDOWS\System32\KERNEL32.DLL
0x00007ff8a0bb0000 - 0x00007ff8a0faf000 	C:\WINDOWS\System32\KERNELBASE.dll
0x00007ff8a0fc0000 - 0x00007ff8a110c000 	C:\WINDOWS\System32\ucrtbase.dll
0x00007ff8675a0000 - 0x00007ff8675b8000 	C:\Program Files\JetBrains\PyCharm Community Edition 2024.3.4\jbr\bin\jli.dll
0x00007ff89b390000 - 0x00007ff89b3ab000 	C:\Program Files\JetBrains\PyCharm Community Edition 2024.3.4\jbr\bin\VCRUNTIME140.dll
0x00007ff8a17b0000 - 0x00007ff8a1976000 	C:\WINDOWS\System32\USER32.dll
0x00007ff8a1120000 - 0x00007ff8a1147000 	C:\WINDOWS\System32\win32u.dll
0x00007ff889010000 - 0x00007ff8892a1000 	C:\WINDOWS\WinSxS\amd64_microsoft.windows.common-controls_6595b64144ccf1df_6.0.26100.8972_none_3e0da176e32f9d4b\COMCTL32.dll
0x00007ff8a1780000 - 0x00007ff8a17ab000 	C:\WINDOWS\System32\GDI32.dll
0x00007ff8a2d20000 - 0x00007ff8a2dc9000 	C:\WINDOWS\System32\msvcrt.dll
0x00007ff8a0850000 - 0x00007ff8a0979000 	C:\WINDOWS\System32\gdi32full.dll
0x00007ff8a0b00000 - 0x00007ff8a0ba3000 	C:\WINDOWS\System32\msvcp_win.dll
0x00007ff8a2b60000 - 0x00007ff8a2b92000 	C:\WINDOWS\System32\IMM32.DLL
0x00007ff89b4a0000 - 0x00007ff89b4ac000 	C:\Program Files\JetBrains\PyCharm Community Edition 2024.3.4\jbr\bin\vcruntime140_1.dll
0x00007ff83efb0000 - 0x00007ff83f03d000 	C:\Program Files\JetBrains\PyCharm Community Edition 2024.3.4\jbr\bin\msvcp140.dll
0x00007ff804f10000 - 0x00007ff805cd1000 	C:\Program Files\JetBrains\PyCharm Community Edition 2024.3.4\jbr\bin\server\jvm.dll
0x00007ff8a3310000 - 0x00007ff8a33cc000 	C:\WINDOWS\System32\ADVAPI32.dll
0x00007ff8a15c0000 - 0x00007ff8a166a000 	C:\WINDOWS\System32\sechost.dll
0x00007ff8a31f0000 - 0x00007ff8a3308000 	C:\WINDOWS\System32\RPCRT4.dll
0x00007ff8a14a0000 - 0x00007ff8a1522000 	C:\WINDOWS\System32\WS2_32.dll
0x00007ff8a04b0000 - 0x00007ff8a050e000 	C:\WINDOWS\SYSTEM32\POWRPROF.dll
0x00007ff8985a0000 - 0x00007ff8985d6000 	C:\WINDOWS\SYSTEM32\WINMM.dll
0x00007ff8985e0000 - 0x00007ff8985eb000 	C:\WINDOWS\SYSTEM32\VERSION.dll
0x00007ff8a0490000 - 0x00007ff8a04a5000 	C:\WINDOWS\SYSTEM32\UMPDC.dll
0x00007ff89f2e0000 - 0x00007ff89f2fb000 	C:\WINDOWS\SYSTEM32\kernel.appcore.dll
0x00007ff89b480000 - 0x00007ff89b48a000 	C:\Program Files\JetBrains\PyCharm Community Edition 2024.3.4\jbr\bin\jimage.dll
0x00007ff891980000 - 0x00007ff891bc2000 	C:\WINDOWS\SYSTEM32\DBGHELP.DLL
0x00007ff8a2e00000 - 0x00007ff8a3185000 	C:\WINDOWS\System32\combase.dll
0x00007ff8a1990000 - 0x00007ff8a1a69000 	C:\WINDOWS\System32\OLEAUT32.dll
0x00007ff891940000 - 0x00007ff89197b000 	C:\WINDOWS\SYSTEM32\dbgcore.DLL
0x00007ff8a0980000 - 0x00007ff8a0a2c000 	C:\WINDOWS\System32\bcryptPrimitives.dll
0x00007ff892b20000 - 0x00007ff892b40000 	C:\Program Files\JetBrains\PyCharm Community Edition 2024.3.4\jbr\bin\java.dll

dbghelp: loaded successfully - version: 4.0.5 - missing functions: none
symbol engine: initialized successfully - sym options: 0x614 - pdb path: .;C:\Program Files\JetBrains\PyCharm Community Edition 2024.3.4\jbr\bin;C:\WINDOWS\SYSTEM32;C:\Program Files\Avast Software\Avast;C:\WINDOWS\WinSxS\amd64_microsoft.windows.common-controls_6595b64144ccf1df_6.0.26100.8972_none_3e0da176e32f9d4b;C:\Program Files\JetBrains\PyCharm Community Edition 2024.3.4\jbr\bin\server

VM Arguments:
java_command: git4idea.http.GitAskPassApp Username for 'https://github.com': 
java_class_path (initial): C:/Program Files/JetBrains/PyCharm Community Edition 2024.3.4/plugins/vcs-git/lib/git4idea-rt.jar;C:/Program Files/JetBrains/PyCharm Community Edition 2024.3.4/lib/externalProcess-rt.jar
Launcher Type: SUN_STANDARD

[Global flags]
     intx CICompilerCount                          = 3                                         {product} {ergonomic}
     uint ConcGCThreads                            = 1                                         {product} {ergonomic}
     uint G1ConcRefinementThreads                  = 4                                         {product} {ergonomic}
   size_t G1HeapRegionSize                         = 2097152                                   {product} {ergonomic}
    uintx GCDrainStackTargetSize                   = 64                                        {product} {ergonomic}
   size_t InitialHeapSize                          = 167772160                                 {product} {ergonomic}
   size_t MarkStackSize                            = 4194304                                   {product} {ergonomic}
   size_t MaxHeapSize                              = 2652897280                                {product} {ergonomic}
   size_t MinHeapDeltaBytes                        = 2097152                                   {product} {ergonomic}
   size_t MinHeapSize                              = 8388608                                   {product} {ergonomic}
    uintx NonNMethodCodeHeapSize                   = 5832780                                {pd product} {ergonomic}
    uintx NonProfiledCodeHeapSize                  = 122912730                              {pd product} {ergonomic}
    uintx ProfiledCodeHeapSize                     = 122912730                              {pd product} {ergonomic}
    uintx ReservedCodeCacheSize                    = 251658240                              {pd product} {ergonomic}
     bool SegmentedCodeCache                       = true                                      {product} {ergonomic}
   size_t SoftMaxHeapSize                          = 2652897280                             {manageable} {ergonomic}
     bool UseCompressedOops                        = true                           {product lp64_product} {ergonomic}
     bool UseG1GC                                  = true                                      {product} {ergonomic}
     bool UseLargePagesIndividualAllocation        = false                                  {pd product} {ergonomic}

Logging:
Log output configuration:
 #0: stdout all=warning uptime,level,tags foldmultilines=false
 #1: stderr all=off uptime,level,tags foldmultilines=false

Environment Variables:
JAVA_HOME=C:\Program Files\Java\jre1.8.0_111
PATH=C:\Program Files\Git\mingw64\libexec\git-core;C:\Program Files\Git\mingw64\libexec\git-core;C:\Program Files\Git\mingw64\bin;C:\Program Files\Git\usr\bin;C:\Users\LENOVO\bin;C:\Users\LENOVO\Desktop\Workforce-Stability-Analyzer\.venv\Scripts;C:\app\LENOVO\product\21c\dbhomeXE\bin;C:\Program Files\Common Files\Oracle\Java\javapath;C:\ProgramData\Oracle\Java\javapath;C:\WINDOWS\system32;C:\WINDOWS;C:\WINDOWS\System32\Wbem;C:\WINDOWS\System32\WindowsPowerShell\v1.0;C:\WINDOWS\System32\OpenSSH;C:\Program Files\Java\jre1.8.0_111\bin;C:\Program Files (x86)\Windows Kits\10\Windows Performance Toolkit;C:\Program Files\dotnet;C:\msys64\mingw64\bin;C:\Users\LENOVO\Downloads\jdk-17.0.12_windows-x64_bin.exe\bin;%sparknew%\bin;%hadoopnew%\bin;C:\Program Files\Docker\Docker\resources\bin;C:\JupyterLab;C:\Program Files\Git\cmd;C:\Users\LENOVO\AppData\Local\Programs\Python\Python39\Scripts;C:\Users\LENOVO\AppData\Local\Programs\Python\Python39;C:\Users\LENOVO\AppData\Local\Programs\Python\Python313\Scripts;C:\Users\LENOVO\AppData\Local\Programs\Python\Python313;C:\Users\LENOVO\AppData\Local\Programs\Python\Launcher;C:\Users\LENOVO\AppData\Local\Microsoft\WindowsApps;C:\Users\LENOVO\AppData\Local\Programs\Microsoft VS Code\bin;C:\Users\LENOVO\AppData\Local\GitHubDesktop\bin;C:\Program Files\JetBrains\PyCharm 2024.3.4\bin;C:\Users\LENOVO\.dotnet\tools;C:\Program Files\JetBrains\PyCharm Community Edition 2024.3.4\bin;C:\Antigravity\bin;C:\Program Files\Java\jre1.8.0_111\bin;C:\Spark1\bin
USERNAME=LENOVO
DISPLAY=:0.0
LC_ALL=en_US.UTF-8
TERM=xterm-256color
TMPDIR=C:\Users\LENOVO\AppData\Local\Temp
OS=Windows_NT
PROCESSOR_IDENTIFIER=AMD64 Family 23 Model 24 Stepping 1, AuthenticAMD
TMP=C:\Users\LENOVO\AppData\Local\Temp
TEMP=C:\Users\LENOVO\AppData\Local\Temp




Periodic native trim disabled

JNI global refs:
JNI global refs: 0, weak refs: 0

JNI global refs memory usage: 0, weak refs: 0

Process memory usage:
Resident Set Size: 13932K (0% of 10359048K total physical memory with 385292K free physical memory)

OOME stack traces (most recent first):
Classloader memory used:

---------------  S Y S T E M  ---------------

OS:
 Windows 11 , 64 bit Build 26100 (10.0.26100.9168)
OS uptime: 0 days 23:32 hours
Hyper-V role detected

CPU: total 4 (initial active 4) (4 cores per cpu, 2 threads per core) family 23 model 24 stepping 1 microcode 0x8108102, cx8, cmov, fxsr, ht, mmx, 3dnowpref, sse, sse2, sse3, ssse3, sse4a, sse4.1, sse4.2, popcnt, lzcnt, tsc, tscinvbit, avx, avx2, aes, clmul, bmi1, bmi2, adx, sha, fma, vzeroupper, clflush, clflushopt, hv, rdtscp, f16c
Processor Information for the first 4 processors :
  Max Mhz: 2600, Current Mhz: 2600, Mhz Limit: 2600

Memory: 4k page, system-wide physical 10116M (376M free)
TotalPageFile size 17436M (AvailPageFile size 27M)
current process WorkingSet (physical memory assigned to process): 13M, peak: 13M
current process commit charge ("private bytes"): 52M, peak: 212M

vm_info: OpenJDK 64-Bit Server VM (21.0.6+8-b631.39) for windows-amd64 JRE (21.0.6+8-b631.39), built on 2025-02-04 by "builduser" with MS VC++ 16.10 / 16.11 (VS2019)

END.
