#
# There is insufficient memory for the Java Runtime Environment to continue.
# Native memory allocation (mmap) failed to map 65536 bytes. Error detail: Failed to commit metaspace.
# Possible reasons:
#   The system is out of physical RAM or swap space
#   This process is running with CompressedOops enabled, and the Java Heap may be blocking the growth of the native heap
# Possible solutions:
#   Reduce memory load on the system
#   Increase physical memory or swap space
#   Check if swap backing store is full
#   Decrease Java heap size (-Xmx/-Xms)
#   Decrease number of Java threads
#   Decrease Java thread stack sizes (-Xss)
#   Set larger code cache with -XX:ReservedCodeCacheSize=
#   JVM is running with Zero Based Compressed Oops mode in which the Java heap is
#     placed in the first 32GB address space. The Java Heap base address is the
#     maximum limit for the native heap growth. Please use -XX:HeapBaseMinAddress
#     to set the Java Heap base and to place the Java Heap above 32GB virtual address.
# This output file may be truncated or incomplete.
#
#  Out of Memory Error (virtualSpaceNode.cpp:113), pid=1208, tid=20044
#
# JRE version: OpenJDK Runtime Environment JBR-21.0.6+8-631.39-jcef (21.0.6+8) (build 21.0.6+8-b631.39)
# Java VM: OpenJDK 64-Bit Server VM JBR-21.0.6+8-631.39-jcef (21.0.6+8-b631.39, mixed mode, tiered, compressed oops, compressed class ptrs, g1 gc, windows-amd64)
# No core dump will be written. Minidumps are not enabled by default on client versions of Windows
#

---------------  S U M M A R Y ------------

Command Line: git4idea.http.GitAskPassApp Username for 'https://github.com': 

Host: AMD Ryzen 3 3200U with Radeon Vega Mobile Gfx  , 4 cores, 9G,  Windows 11 , 64 bit Build 26100 (10.0.26100.9168)
Time: Thu Aug 20 17:34:37 2026 Jordan Standard Time elapsed time: 0.744059 seconds (0d 0h 0m 0s)

---------------  T H R E A D  ---------------

Current thread (0x0000022d2a915740):  JavaThread "main"             [_thread_in_vm, id=20044, stack(0x000000ff55100000,0x000000ff55200000) (1024K)]

Stack: [0x000000ff55100000,0x000000ff55200000]
Native frames: (J=compiled Java code, j=interpreted, Vv=VM code, C=native code)
V  [jvm.dll+0x6e5d39]
V  [jvm.dll+0x8c4133]
V  [jvm.dll+0x8c668e]
V  [jvm.dll+0x8c6d73]
V  [jvm.dll+0x288f76]
V  [jvm.dll+0x8bef7e]
V  [jvm.dll+0x686a35]
V  [jvm.dll+0x686a9a]
V  [jvm.dll+0x6892b6]
V  [jvm.dll+0x689182]
V  [jvm.dll+0x6873ee]
V  [jvm.dll+0x273ad7]
V  [jvm.dll+0x218c87]
V  [jvm.dll+0x21dcf4]
V  [jvm.dll+0x2131b9]
V  [jvm.dll+0x5c4533]
V  [jvm.dll+0x224bfb]
V  [jvm.dll+0x83af3c]
V  [jvm.dll+0x83bfe2]
V  [jvm.dll+0x83c5a4]
V  [jvm.dll+0x83c238]
V  [jvm.dll+0x2760ab]
V  [jvm.dll+0x3e6a6f]
C  0x0000022d35deaf6a

The last pc belongs to instanceof (printed below).
Java frames: (J=compiled Java code, j=interpreted, Vv=VM code)
j  java.net.InetAddress.initializePlatformLookupPolicy()Ljava/net/spi/InetAddressResolver$LookupPolicy;+27 java.base@21.0.6
j  java.net.InetAddress.<clinit>()V+115 java.base@21.0.6
v  ~StubRoutines::call_stub 0x0000022d35dd100d
j  java.net.NetworkInterface.init()V+0 java.base@21.0.6
j  java.net.NetworkInterface.<clinit>()V+5 java.base@21.0.6
v  ~StubRoutines::call_stub 0x0000022d35dd100d
j  sun.security.provider.SeedGenerator.addNetworkAdapterInfo(Ljava/security/MessageDigest;)V+0 java.base@21.0.6
j  sun.security.provider.SeedGenerator$1.run()Ljava/lang/Void;+66 java.base@21.0.6
j  sun.security.provider.SeedGenerator$1.run()Ljava/lang/Object;+1 java.base@21.0.6
j  java.security.AccessController.executePrivileged(Ljava/security/PrivilegedAction;Ljava/security/AccessControlContext;Ljava/lang/Class;)Ljava/lang/Object;+29 java.base@21.0.6
j  java.security.AccessController.doPrivileged(Ljava/security/PrivilegedAction;)Ljava/lang/Object;+5 java.base@21.0.6
j  sun.security.provider.SeedGenerator.getSystemEntropy()[B+40 java.base@21.0.6
j  sun.security.provider.AbstractDrbg$SeederHolder.<clinit>()V+28 java.base@21.0.6
v  ~StubRoutines::call_stub 0x0000022d35dd100d
j  sun.security.provider.AbstractDrbg.getEntropyInput(IIIZ)[B+87 java.base@21.0.6
j  sun.security.provider.AbstractDrbg.getEntropyInput(Z)[B+14 java.base@21.0.6
j  sun.security.provider.AbstractDrbg.instantiateIfNecessary([B)V+16 java.base@21.0.6
j  sun.security.provider.AbstractDrbg.engineNextBytes([BLjava/security/SecureRandomParameters;)V+157 java.base@21.0.6
j  sun.security.provider.AbstractDrbg.engineNextBytes([B)V+11 java.base@21.0.6
j  sun.security.provider.DRBG.engineNextBytes([B)V+5 java.base@21.0.6
j  java.security.SecureRandom.nextBytes([B)V+17 java.base@21.0.6
j  java.security.SecureRandom.next(I)I+17 java.base@21.0.6
j  java.util.Random.nextInt()I+3 java.base@21.0.6
j  sun.security.ssl.SSLContextImpl.engineInit([Ljavax/net/ssl/KeyManager;[Ljavax/net/ssl/TrustManager;Ljava/security/SecureRandom;)V+98 java.base@21.0.6
j  javax.net.ssl.SSLContext.init([Ljavax/net/ssl/KeyManager;[Ljavax/net/ssl/TrustManager;Ljava/security/SecureRandom;)V+7 java.base@21.0.6
j  externalApp.ExternalAppUtil.sendIdeRequest(Ljava/lang/String;ILjava/lang/String;Ljava/lang/String;)LexternalApp/ExternalAppUtil$Result;+45
j  git4idea.http.GitAskPassApp.main([Ljava/lang/String;)V+37
v  ~StubRoutines::call_stub 0x0000022d35dd100d
instanceof  193 instanceof  [0x0000022d35deaee0, 0x0000022d35deb128]  584 bytes
[MachCode]
  0x0000022d35deaee0: 5848 85c0 | 0f84 0702 | 0000 488b | 4de8 488b | 4908 488b | 4908 488b | 5108 410f | b75d 010f 
  0x0000022d35deaf00: cbc1 eb10 | 807c 1a04 | 070f 84c6 | 0000 0050 | e805 0000 | 00e9 9600 | 0000 488d | 4424 084c 
  0x0000022d35deaf20: 896d c049 | 8bcf c5f8 | 7749 89af | a803 0000 | 4989 8798 | 0300 0048 | 83ec 2040 | f6c4 0f0f 
  0x0000022d35deaf40: 8419 0000 | 0048 83ec | 0848 b880 | 692f 05f8 | 7f00 00ff | d048 83c4 | 08e9 0c00 | 0000 48b8 
  0x0000022d35deaf60: 8069 2f05 | f87f 0000 | ffd0 4883 | c420 49c7 | 8798 0300 | 0000 0000 | 0049 c787 | a803 0000 
  0x0000022d35deaf80: 0000 0000 | 49c7 87a0 | 0300 0000 | 0000 00c5 | f877 4983 | 7f08 000f | 8405 0000 | 00e9 5e5f 
  0x0000022d35deafa0: feff 4c8b | 6dc0 4c8b | 75c8 4e8d | 74f5 00c3 | 498b 87f8 | 0300 0049 | c787 f803 | 0000 0000 
  0x0000022d35deafc0: 0000 5a8b | 5208 49ba | 0000 0000 | 0800 0000 | 4903 d2eb | 1e8b 5008 | 49ba 0000 | 0000 0800 
  0x0000022d35deafe0: 0000 4903 | d266 8b5c | d948 488b | 4928 488b | 44d9 0848 | 8b4d d848 | 85c9 0f84 | 8a00 0000 
  0x0000022d35deb000: 488b 7918 | 483b fa0f | 850f 0000 | 0048 8341 | 2001 4883 | 5920 00e9 | 6600 0000 | 4885 ff0f 
  0x0000022d35deb020: 8437 0000 | 0048 8b79 | 2848 3bfa | 0f85 0f00 | 0000 4883 | 4130 0148 | 8359 3000 | e941 0000 
  0x0000022d35deb040: 0048 85ff | 0f85 3800 | 0000 4889 | 5128 bf01 | 0000 0048 | 8979 30e9 | 2600 0000 | 483b 5128 
  0x0000022d35deb060: 0f85 0f00 | 0000 4883 | 4130 0148 | 8359 3000 | e90d 0000 | 0048 8951 | 18bf 0100 | 0000 4889 
  0x0000022d35deb080: 7920 4883 | c138 4889 | 4dd8 483b | d00f 8454 | 0000 008b | 4814 483b | 040a 0f84 | 4700 0000 
  0x0000022d35deb0a0: 83f9 200f | 851d 0000 | 0057 488b | 7a28 8b0f | 4883 c708 | 4885 c0f2 | 48af 5f75 | 0948 8942 
  0x0000022d35deb0c0: 20e9 2100 | 0000 488b | 4dd8 4885 | c90f 8410 | 0000 0048 | 8341 d0ff | 0f88 0500 | 0000 4883 
  0x0000022d35deb0e0: 41d0 0133 | c0eb 23b8 | 0100 0000 | e919 0000 | 0048 8b4d | d848 85c9 | 0f84 0c00 | 0000 8049 
  0x0000022d35deb100: 0101 4883 | c138 4889 | 4dd8 410f | b65d 0349 | 83c5 0349 | bac0 08bf | 05f8 7f00 | 0041 ff24 
  0x0000022d35deb120: da0f 1f80 | 0000 0000 
[/MachCode]

---------------  P R O C E S S  ---------------

Threads class SMR info:
_java_thread_list=0x0000022d434824f0, length=12, elements={
0x0000022d2a915740, 0x0000022d430a63a0, 0x0000022d430d4180, 0x0000022d430e8f90,
0x0000022d430ea700, 0x0000022d430da580, 0x0000022d430d8b40, 0x0000022d430f2440,
0x0000022d430f3670, 0x0000022d430d7e20, 0x0000022d430d84b0, 0x0000022d430d91d0
}

Java Threads: ( => current thread )
=>0x0000022d2a915740 JavaThread "main"                              [_thread_in_vm, id=20044, stack(0x000000ff55100000,0x000000ff55200000) (1024K)]
  0x0000022d430a63a0 JavaThread "Reference Handler"          daemon [_thread_blocked, id=9612, stack(0x000000ff55900000,0x000000ff55a00000) (1024K)]
  0x0000022d430d4180 JavaThread "Finalizer"                  daemon [_thread_blocked, id=9680, stack(0x000000ff55a00000,0x000000ff55b00000) (1024K)]
  0x0000022d430e8f90 JavaThread "Signal Dispatcher"          daemon [_thread_blocked, id=14236, stack(0x000000ff55b00000,0x000000ff55c00000) (1024K)]
  0x0000022d430ea700 JavaThread "Attach Listener"            daemon [_thread_blocked, id=15820, stack(0x000000ff55c00000,0x000000ff55d00000) (1024K)]
  0x0000022d430da580 JavaThread "Service Thread"             daemon [_thread_blocked, id=25556, stack(0x000000ff55d00000,0x000000ff55e00000) (1024K)]
  0x0000022d430d8b40 JavaThread "Monitor Deflation Thread"   daemon [_thread_blocked, id=23312, stack(0x000000ff55e00000,0x000000ff55f00000) (1024K)]
  0x0000022d430f2440 JavaThread "C2 CompilerThread0"         daemon [_thread_blocked, id=16040, stack(0x000000ff55f00000,0x000000ff56000000) (1024K)]
  0x0000022d430f3670 JavaThread "C1 CompilerThread0"         daemon [_thread_blocked, id=8432, stack(0x000000ff56000000,0x000000ff56100000) (1024K)]
  0x0000022d430d7e20 JavaThread "Notification Thread"        daemon [_thread_blocked, id=22912, stack(0x000000ff56100000,0x000000ff56200000) (1024K)]
  0x0000022d430d84b0 JavaThread "Common-Cleaner"             daemon [_thread_blocked, id=20352, stack(0x000000ff56200000,0x000000ff56300000) (1024K)]
  0x0000022d430d91d0 JavaThread "SeedGenerator Thread"       daemon [_thread_in_vm, id=12584, stack(0x000000ff56300000,0x000000ff56400000) (1024K)]
Total: 12

Other Threads:
  0x0000022d42f35290 VMThread "VM Thread"                           [id=6616, stack(0x000000ff55800000,0x000000ff55900000) (1024K)]
  0x0000022d42e9b910 WatcherThread "VM Periodic Task Thread"        [id=9228, stack(0x000000ff55700000,0x000000ff55800000) (1024K)]
  0x0000022d2a95e0c0 WorkerThread "GC Thread#0"                     [id=20984, stack(0x000000ff55200000,0x000000ff55300000) (1024K)]
  0x0000022d2a969ec0 ConcurrentGCThread "G1 Main Marker"            [id=9032, stack(0x000000ff55300000,0x000000ff55400000) (1024K)]
  0x0000022d2a96a9c0 WorkerThread "G1 Conc#0"                       [id=12084, stack(0x000000ff55400000,0x000000ff55500000) (1024K)]
  0x0000022d2a9c8380 ConcurrentGCThread "G1 Refine#0"               [id=2936, stack(0x000000ff55500000,0x000000ff55600000) (1024K)]
  0x0000022d42d70090 ConcurrentGCThread "G1 Service"                [id=11928, stack(0x000000ff55600000,0x000000ff55700000) (1024K)]
Total: 7

Threads with active compile tasks:
Total: 0

VM state: not at safepoint (normal execution)

VM Mutex/Monitor currently owned by a thread:  ([mutex/lock_event])
[0x00007ff805bdc830] Metaspace_lock - owner thread: 0x0000022d2a915740

Heap address: 0x0000000761e00000, size: 2530 MB, Compressed Oops mode: Zero based, Oop shift amount: 3

CDS archive(s) not mapped
Compressed class space mapped at: 0x0000000800000000-0x0000000840000000, reserved size: 1073741824
Narrow klass base: 0x0000000800000000, Narrow klass shift: 0, Narrow klass range: 0x40000000

GC Precious Log:
 CardTable entry size: 512
 Card Set container configuration: InlinePtr #cards 4 size 8 Array Of Cards #cards 16 size 48 Howl #buckets 8 coarsen threshold 3686 Howl Bitmap #cards 512 size 80 coarsen threshold 460 Card regions per heap region 1 cards per card region 4096
 CPUs: 4 total, 4 available
 Memory: 10116M
 Large Page Support: Disabled
 NUMA Support: Disabled
 Compressed Oops: Enabled (Zero based)
 Heap Region Size: 2M
 Heap Min Capacity: 8M
 Heap Initial Capacity: 160M
 Heap Max Capacity: 2530M
 Pre-touch: Disabled
 Parallel Workers: 4
 Concurrent Workers: 1
 Concurrent Refinement Workers: 4
 Periodic GC: Disabled

Heap:
 garbage-first heap   total 163840K, used 4096K [0x0000000761e00000, 0x0000000800000000)
  region size 2048K, 3 young (6144K), 0 survivors (0K)
 Metaspace       used 10737K, committed 10880K, reserved 1114112K
  class space    used 919K, committed 1024K, reserved 1048576K

Heap Regions: E=young(eden), S=young(survivor), O=old, HS=humongous(starts), HC=humongous(continues), CS=collection set, F=free, TAMS=top-at-mark-start, PB=parsable bottom
|   0|0x0000000761e00000, 0x0000000761e00000, 0x0000000762000000|  0%| F|  |TAMS 0x0000000761e00000| PB 0x0000000761e00000| Untracked 
|   1|0x0000000762000000, 0x0000000762000000, 0x0000000762200000|  0%| F|  |TAMS 0x0000000762000000| PB 0x0000000762000000| Untracked 
|   2|0x0000000762200000, 0x0000000762200000, 0x0000000762400000|  0%| F|  |TAMS 0x0000000762200000| PB 0x0000000762200000| Untracked 
|   3|0x0000000762400000, 0x0000000762400000, 0x0000000762600000|  0%| F|  |TAMS 0x0000000762400000| PB 0x0000000762400000| Untracked 
|   4|0x0000000762600000, 0x0000000762600000, 0x0000000762800000|  0%| F|  |TAMS 0x0000000762600000| PB 0x0000000762600000| Untracked 
|   5|0x0000000762800000, 0x0000000762800000, 0x0000000762a00000|  0%| F|  |TAMS 0x0000000762800000| PB 0x0000000762800000| Untracked 
|   6|0x0000000762a00000, 0x0000000762a00000, 0x0000000762c00000|  0%| F|  |TAMS 0x0000000762a00000| PB 0x0000000762a00000| Untracked 
|   7|0x0000000762c00000, 0x0000000762c00000, 0x0000000762e00000|  0%| F|  |TAMS 0x0000000762c00000| PB 0x0000000762c00000| Untracked 
|   8|0x0000000762e00000, 0x0000000762e00000, 0x0000000763000000|  0%| F|  |TAMS 0x0000000762e00000| PB 0x0000000762e00000| Untracked 
|   9|0x0000000763000000, 0x0000000763000000, 0x0000000763200000|  0%| F|  |TAMS 0x0000000763000000| PB 0x0000000763000000| Untracked 
|  10|0x0000000763200000, 0x0000000763200000, 0x0000000763400000|  0%| F|  |TAMS 0x0000000763200000| PB 0x0000000763200000| Untracked 
|  11|0x0000000763400000, 0x0000000763400000, 0x0000000763600000|  0%| F|  |TAMS 0x0000000763400000| PB 0x0000000763400000| Untracked 
|  12|0x0000000763600000, 0x0000000763600000, 0x0000000763800000|  0%| F|  |TAMS 0x0000000763600000| PB 0x0000000763600000| Untracked 
|  13|0x0000000763800000, 0x0000000763800000, 0x0000000763a00000|  0%| F|  |TAMS 0x0000000763800000| PB 0x0000000763800000| Untracked 
|  14|0x0000000763a00000, 0x0000000763a00000, 0x0000000763c00000|  0%| F|  |TAMS 0x0000000763a00000| PB 0x0000000763a00000| Untracked 
|  15|0x0000000763c00000, 0x0000000763c00000, 0x0000000763e00000|  0%| F|  |TAMS 0x0000000763c00000| PB 0x0000000763c00000| Untracked 
|  16|0x0000000763e00000, 0x0000000763e00000, 0x0000000764000000|  0%| F|  |TAMS 0x0000000763e00000| PB 0x0000000763e00000| Untracked 
|  17|0x0000000764000000, 0x0000000764000000, 0x0000000764200000|  0%| F|  |TAMS 0x0000000764000000| PB 0x0000000764000000| Untracked 
|  18|0x0000000764200000, 0x0000000764200000, 0x0000000764400000|  0%| F|  |TAMS 0x0000000764200000| PB 0x0000000764200000| Untracked 
|  19|0x0000000764400000, 0x0000000764400000, 0x0000000764600000|  0%| F|  |TAMS 0x0000000764400000| PB 0x0000000764400000| Untracked 
|  20|0x0000000764600000, 0x0000000764600000, 0x0000000764800000|  0%| F|  |TAMS 0x0000000764600000| PB 0x0000000764600000| Untracked 
|  21|0x0000000764800000, 0x0000000764800000, 0x0000000764a00000|  0%| F|  |TAMS 0x0000000764800000| PB 0x0000000764800000| Untracked 
|  22|0x0000000764a00000, 0x0000000764a00000, 0x0000000764c00000|  0%| F|  |TAMS 0x0000000764a00000| PB 0x0000000764a00000| Untracked 
|  23|0x0000000764c00000, 0x0000000764c00000, 0x0000000764e00000|  0%| F|  |TAMS 0x0000000764c00000| PB 0x0000000764c00000| Untracked 
|  24|0x0000000764e00000, 0x0000000764e00000, 0x0000000765000000|  0%| F|  |TAMS 0x0000000764e00000| PB 0x0000000764e00000| Untracked 
|  25|0x0000000765000000, 0x0000000765000000, 0x0000000765200000|  0%| F|  |TAMS 0x0000000765000000| PB 0x0000000765000000| Untracked 
|  26|0x0000000765200000, 0x0000000765200000, 0x0000000765400000|  0%| F|  |TAMS 0x0000000765200000| PB 0x0000000765200000| Untracked 
|  27|0x0000000765400000, 0x0000000765400000, 0x0000000765600000|  0%| F|  |TAMS 0x0000000765400000| PB 0x0000000765400000| Untracked 
|  28|0x0000000765600000, 0x0000000765600000, 0x0000000765800000|  0%| F|  |TAMS 0x0000000765600000| PB 0x0000000765600000| Untracked 
|  29|0x0000000765800000, 0x0000000765800000, 0x0000000765a00000|  0%| F|  |TAMS 0x0000000765800000| PB 0x0000000765800000| Untracked 
|  30|0x0000000765a00000, 0x0000000765a00000, 0x0000000765c00000|  0%| F|  |TAMS 0x0000000765a00000| PB 0x0000000765a00000| Untracked 
|  31|0x0000000765c00000, 0x0000000765c00000, 0x0000000765e00000|  0%| F|  |TAMS 0x0000000765c00000| PB 0x0000000765c00000| Untracked 
|  32|0x0000000765e00000, 0x0000000765e00000, 0x0000000766000000|  0%| F|  |TAMS 0x0000000765e00000| PB 0x0000000765e00000| Untracked 
|  33|0x0000000766000000, 0x0000000766000000, 0x0000000766200000|  0%| F|  |TAMS 0x0000000766000000| PB 0x0000000766000000| Untracked 
|  34|0x0000000766200000, 0x0000000766200000, 0x0000000766400000|  0%| F|  |TAMS 0x0000000766200000| PB 0x0000000766200000| Untracked 
|  35|0x0000000766400000, 0x0000000766400000, 0x0000000766600000|  0%| F|  |TAMS 0x0000000766400000| PB 0x0000000766400000| Untracked 
|  36|0x0000000766600000, 0x0000000766600000, 0x0000000766800000|  0%| F|  |TAMS 0x0000000766600000| PB 0x0000000766600000| Untracked 
|  37|0x0000000766800000, 0x0000000766800000, 0x0000000766a00000|  0%| F|  |TAMS 0x0000000766800000| PB 0x0000000766800000| Untracked 
|  38|0x0000000766a00000, 0x0000000766a00000, 0x0000000766c00000|  0%| F|  |TAMS 0x0000000766a00000| PB 0x0000000766a00000| Untracked 
|  39|0x0000000766c00000, 0x0000000766c00000, 0x0000000766e00000|  0%| F|  |TAMS 0x0000000766c00000| PB 0x0000000766c00000| Untracked 
|  40|0x0000000766e00000, 0x0000000766e00000, 0x0000000767000000|  0%| F|  |TAMS 0x0000000766e00000| PB 0x0000000766e00000| Untracked 
|  41|0x0000000767000000, 0x0000000767000000, 0x0000000767200000|  0%| F|  |TAMS 0x0000000767000000| PB 0x0000000767000000| Untracked 
|  42|0x0000000767200000, 0x0000000767200000, 0x0000000767400000|  0%| F|  |TAMS 0x0000000767200000| PB 0x0000000767200000| Untracked 
|  43|0x0000000767400000, 0x0000000767400000, 0x0000000767600000|  0%| F|  |TAMS 0x0000000767400000| PB 0x0000000767400000| Untracked 
|  44|0x0000000767600000, 0x0000000767600000, 0x0000000767800000|  0%| F|  |TAMS 0x0000000767600000| PB 0x0000000767600000| Untracked 
|  45|0x0000000767800000, 0x0000000767800000, 0x0000000767a00000|  0%| F|  |TAMS 0x0000000767800000| PB 0x0000000767800000| Untracked 
|  46|0x0000000767a00000, 0x0000000767a00000, 0x0000000767c00000|  0%| F|  |TAMS 0x0000000767a00000| PB 0x0000000767a00000| Untracked 
|  47|0x0000000767c00000, 0x0000000767c00000, 0x0000000767e00000|  0%| F|  |TAMS 0x0000000767c00000| PB 0x0000000767c00000| Untracked 
|  48|0x0000000767e00000, 0x0000000767e00000, 0x0000000768000000|  0%| F|  |TAMS 0x0000000767e00000| PB 0x0000000767e00000| Untracked 
|  49|0x0000000768000000, 0x0000000768000000, 0x0000000768200000|  0%| F|  |TAMS 0x0000000768000000| PB 0x0000000768000000| Untracked 
|  50|0x0000000768200000, 0x0000000768200000, 0x0000000768400000|  0%| F|  |TAMS 0x0000000768200000| PB 0x0000000768200000| Untracked 
|  51|0x0000000768400000, 0x0000000768400000, 0x0000000768600000|  0%| F|  |TAMS 0x0000000768400000| PB 0x0000000768400000| Untracked 
|  52|0x0000000768600000, 0x0000000768600000, 0x0000000768800000|  0%| F|  |TAMS 0x0000000768600000| PB 0x0000000768600000| Untracked 
|  53|0x0000000768800000, 0x0000000768800000, 0x0000000768a00000|  0%| F|  |TAMS 0x0000000768800000| PB 0x0000000768800000| Untracked 
|  54|0x0000000768a00000, 0x0000000768a00000, 0x0000000768c00000|  0%| F|  |TAMS 0x0000000768a00000| PB 0x0000000768a00000| Untracked 
|  55|0x0000000768c00000, 0x0000000768c00000, 0x0000000768e00000|  0%| F|  |TAMS 0x0000000768c00000| PB 0x0000000768c00000| Untracked 
|  56|0x0000000768e00000, 0x0000000768e00000, 0x0000000769000000|  0%| F|  |TAMS 0x0000000768e00000| PB 0x0000000768e00000| Untracked 
|  57|0x0000000769000000, 0x0000000769000000, 0x0000000769200000|  0%| F|  |TAMS 0x0000000769000000| PB 0x0000000769000000| Untracked 
|  58|0x0000000769200000, 0x0000000769200000, 0x0000000769400000|  0%| F|  |TAMS 0x0000000769200000| PB 0x0000000769200000| Untracked 
|  59|0x0000000769400000, 0x0000000769400000, 0x0000000769600000|  0%| F|  |TAMS 0x0000000769400000| PB 0x0000000769400000| Untracked 
|  60|0x0000000769600000, 0x0000000769600000, 0x0000000769800000|  0%| F|  |TAMS 0x0000000769600000| PB 0x0000000769600000| Untracked 
|  61|0x0000000769800000, 0x0000000769800000, 0x0000000769a00000|  0%| F|  |TAMS 0x0000000769800000| PB 0x0000000769800000| Untracked 
|  62|0x0000000769a00000, 0x0000000769a00000, 0x0000000769c00000|  0%| F|  |TAMS 0x0000000769a00000| PB 0x0000000769a00000| Untracked 
|  63|0x0000000769c00000, 0x0000000769c00000, 0x0000000769e00000|  0%| F|  |TAMS 0x0000000769c00000| PB 0x0000000769c00000| Untracked 
|  64|0x0000000769e00000, 0x0000000769e00000, 0x000000076a000000|  0%| F|  |TAMS 0x0000000769e00000| PB 0x0000000769e00000| Untracked 
|  65|0x000000076a000000, 0x000000076a000000, 0x000000076a200000|  0%| F|  |TAMS 0x000000076a000000| PB 0x000000076a000000| Untracked 
|  66|0x000000076a200000, 0x000000076a200000, 0x000000076a400000|  0%| F|  |TAMS 0x000000076a200000| PB 0x000000076a200000| Untracked 
|  67|0x000000076a400000, 0x000000076a400000, 0x000000076a600000|  0%| F|  |TAMS 0x000000076a400000| PB 0x000000076a400000| Untracked 
|  68|0x000000076a600000, 0x000000076a600000, 0x000000076a800000|  0%| F|  |TAMS 0x000000076a600000| PB 0x000000076a600000| Untracked 
|  69|0x000000076a800000, 0x000000076a800000, 0x000000076aa00000|  0%| F|  |TAMS 0x000000076a800000| PB 0x000000076a800000| Untracked 
|  70|0x000000076aa00000, 0x000000076aa00000, 0x000000076ac00000|  0%| F|  |TAMS 0x000000076aa00000| PB 0x000000076aa00000| Untracked 
|  71|0x000000076ac00000, 0x000000076ac00000, 0x000000076ae00000|  0%| F|  |TAMS 0x000000076ac00000| PB 0x000000076ac00000| Untracked 
|  72|0x000000076ae00000, 0x000000076ae00000, 0x000000076b000000|  0%| F|  |TAMS 0x000000076ae00000| PB 0x000000076ae00000| Untracked 
|  73|0x000000076b000000, 0x000000076b000000, 0x000000076b200000|  0%| F|  |TAMS 0x000000076b000000| PB 0x000000076b000000| Untracked 
|  74|0x000000076b200000, 0x000000076b200000, 0x000000076b400000|  0%| F|  |TAMS 0x000000076b200000| PB 0x000000076b200000| Untracked 
|  75|0x000000076b400000, 0x000000076b400000, 0x000000076b600000|  0%| F|  |TAMS 0x000000076b400000| PB 0x000000076b400000| Untracked 
|  76|0x000000076b600000, 0x000000076b600000, 0x000000076b800000|  0%| F|  |TAMS 0x000000076b600000| PB 0x000000076b600000| Untracked 
|  77|0x000000076b800000, 0x000000076b83d778, 0x000000076ba00000| 12%| E|  |TAMS 0x000000076b800000| PB 0x000000076b800000| Complete 
|  78|0x000000076ba00000, 0x000000076bc00000, 0x000000076bc00000|100%| E|CS|TAMS 0x000000076ba00000| PB 0x000000076ba00000| Complete 
|  79|0x000000076bc00000, 0x000000076be00000, 0x000000076be00000|100%| E|CS|TAMS 0x000000076bc00000| PB 0x000000076bc00000| Complete 

Card table byte_map: [0x0000022d3dda0000,0x0000022d3e2a0000] _byte_map_base: 0x0000022d3a291000

Marking Bits: (CMBitMap*) 0x0000022d2a95f7d0
 Bits: [0x0000022d3e2a0000, 0x0000022d40a28000)

Polling page: 0x0000022d28760000

Metaspace:

Usage:
  Non-class:      9.59 MB used.
      Class:    919.93 KB used.
       Both:     10.49 MB used.

Virtual space:
  Non-class space:       64.00 MB reserved,       9.62 MB ( 15%) committed,  1 nodes.
      Class space:        1.00 GB reserved,       1.00 MB ( <1%) committed,  1 nodes.
             Both:        1.06 GB reserved,      10.62 MB ( <1%) committed. 

Chunk freelists:
   Non-Class:  5.96 MB
       Class:  15.04 MB
        Both:  21.00 MB

MaxMetaspaceSize: unlimited
CompressedClassSpaceSize: 1.00 GB
Initial GC threshold: 21.00 MB
Current GC threshold: 21.00 MB
CDS: off
 - commit_granule_bytes: 65536.
 - commit_granule_words: 8192.
 - virtual_space_node_default_size: 8388608.
 - enlarge_chunks_in_place: 1.
 - use_allocation_guard: 0.


Internal statistics:

num_allocs_failed_limit: 0.
num_arena_births: 18.
num_arena_deaths: 0.
num_vsnodes_births: 2.
num_vsnodes_deaths: 0.
num_space_committed: 170.
num_space_uncommitted: 0.
num_chunks_returned_to_freelist: 0.
num_chunks_taken_from_freelist: 51.
num_chunk_merges: 0.
num_chunk_splits: 23.
num_chunks_enlarged: 15.
num_inconsistent_stats: 0.

CodeHeap 'non-profiled nmethods': size=120000Kb used=113Kb max_used=113Kb free=119886Kb
 bounds [0x0000022d36370000, 0x0000022d365e0000, 0x0000022d3d8a0000]
CodeHeap 'profiled nmethods': size=120000Kb used=532Kb max_used=532Kb free=119467Kb
 bounds [0x0000022d2e8a0000, 0x0000022d2eb10000, 0x0000022d35dd0000]
CodeHeap 'non-nmethods': size=5760Kb used=1345Kb max_used=1358Kb free=4414Kb
 bounds [0x0000022d35dd0000, 0x0000022d36040000, 0x0000022d36370000]
 total_blobs=851 nmethods=398 adapters=358
 compilation: enabled
              stopped_count=0, restarted_count=0
 full_count=0

Compilation events (20 events):
Event: 0.696 Thread 0x0000022d430f3670 nmethod 388 0x0000022d2e920990 code [0x0000022d2e920b40, 0x0000022d2e920ce8]
Event: 0.696 Thread 0x0000022d430f2440 nmethod 387 0x0000022d3638b810 code [0x0000022d3638b980, 0x0000022d3638b9f0]
Event: 0.697 Thread 0x0000022d430f3670  389       3       jdk.internal.misc.Unsafe::getIntUnaligned (83 bytes)
Event: 0.698 Thread 0x0000022d430f3670 nmethod 389 0x0000022d2e920d90 code [0x0000022d2e920f80, 0x0000022d2e921408]
Event: 0.698 Thread 0x0000022d430f3670  390       3       jdk.internal.misc.Unsafe::getIntUnaligned (12 bytes)
Event: 0.699 Thread 0x0000022d430f3670 nmethod 390 0x0000022d2e921590 code [0x0000022d2e921740, 0x0000022d2e921998]
Event: 0.699 Thread 0x0000022d430f3670  391       3       jdk.internal.misc.Unsafe::convEndian (16 bytes)
Event: 0.699 Thread 0x0000022d430f3670 nmethod 391 0x0000022d2e921a90 code [0x0000022d2e921c40, 0x0000022d2e921e00]
Event: 0.701 Thread 0x0000022d430f3670  392       3       java.lang.invoke.VarHandleGuards::guard_LI_I (78 bytes)
Event: 0.703 Thread 0x0000022d430f3670 nmethod 392 0x0000022d2e921e90 code [0x0000022d2e9221c0, 0x0000022d2e923b60]
Event: 0.704 Thread 0x0000022d430f3670  394       3       java.lang.invoke.VarHandleByteArrayAsInts$ArrayHandle::get (36 bytes)
Event: 0.704 Thread 0x0000022d430f3670 nmethod 394 0x0000022d2e924290 code [0x0000022d2e924460, 0x0000022d2e924888]
Event: 0.704 Thread 0x0000022d430f3670  395       3       java.lang.invoke.VarHandleByteArrayAsInts$ArrayHandle::index (12 bytes)
Event: 0.705 Thread 0x0000022d430f3670 nmethod 395 0x0000022d2e924a10 code [0x0000022d2e924bc0, 0x0000022d2e924d08]
Event: 0.706 Thread 0x0000022d430f3670  396       3       java.lang.StringCoding::countPositives (33 bytes)
Event: 0.707 Thread 0x0000022d430f3670 nmethod 396 0x0000022d2e924e10 code [0x0000022d2e924fc0, 0x0000022d2e9251e0]
Event: 0.712 Thread 0x0000022d430f2440  397 %     4       java.lang.StringLatin1::lastIndexOf @ 18 (40 bytes)
Event: 0.715 Thread 0x0000022d430f2440 nmethod 397% 0x0000022d3638be10 code [0x0000022d3638bfa0, 0x0000022d3638c0e0]
Event: 0.739 Thread 0x0000022d430f3670  398       1       java.lang.invoke.MethodTypeForm::parameterSlotCount (5 bytes)
Event: 0.739 Thread 0x0000022d430f3670 nmethod 398 0x0000022d3638c210 code [0x0000022d3638c3a0, 0x0000022d3638c468]

GC Heap History (0 events):
No events

Dll operation events (2 events):
Event: 0.017 Loaded shared library C:\Program Files\JetBrains\PyCharm Community Edition 2024.3.4\jbr\bin\java.dll
Event: 0.036 Loaded shared library C:\Program Files\JetBrains\PyCharm Community Edition 2024.3.4\jbr\bin\zip.dll

Deoptimization events (4 events):
Event: 0.575 Thread 0x0000022d2a915740 Uncommon trap: trap_request=0xffffff45 fr.pc=0x0000022d36383f14 relative=0x0000000000000074
Event: 0.575 Thread 0x0000022d2a915740 Uncommon trap: reason=unstable_if action=reinterpret pc=0x0000022d36383f14 method=java.lang.CharacterDataLatin1.toLowerCase(I)I @ 16 c2
Event: 0.575 Thread 0x0000022d2a915740 DEOPT PACKING pc=0x0000022d36383f14 sp=0x000000ff551faff0
Event: 0.575 Thread 0x0000022d2a915740 DEOPT UNPACKING pc=0x0000022d35e246a2 sp=0x000000ff551faf80 mode 2

Classes loaded (20 events):
Event: 0.718 Loading class java/util/concurrent/ConcurrentSkipListMap done
Event: 0.735 Loading class sun/security/provider/SeedGenerator$ThreadedSeedGenerator$BogusThread
Event: 0.736 Loading class sun/security/provider/SeedGenerator$ThreadedSeedGenerator$BogusThread done
Event: 0.738 Loading class java/util/concurrent/ConcurrentSkipListMap$Index
Event: 0.738 Loading class java/util/concurrent/ConcurrentSkipListMap$Index done
Event: 0.738 Loading class java/lang/invoke/VarHandleReferences$FieldInstanceReadWrite
Event: 0.738 Loading class java/lang/invoke/VarHandleReferences$FieldInstanceReadOnly
Event: 0.739 Loading class java/lang/invoke/VarHandleReferences$FieldInstanceReadOnly done
Event: 0.739 Loading class java/lang/invoke/VarHandleReferences$FieldInstanceReadWrite done
Event: 0.739 Loading class java/util/concurrent/atomic/LongAdder
Event: 0.739 Loading class java/util/concurrent/atomic/Striped64
Event: 0.739 Loading class java/util/concurrent/atomic/Striped64 done
Event: 0.739 Loading class java/util/concurrent/atomic/LongAdder done
Event: 0.739 Loading class java/util/concurrent/ConcurrentSkipListMap$Node
Event: 0.740 Loading class java/util/concurrent/ConcurrentSkipListMap$Node done
Event: 0.740 Loading class java/net/Inet6AddressImpl
Event: 0.740 Loading class java/net/InetAddressImpl
Event: 0.740 Loading class java/net/InetAddressImpl done
Event: 0.740 Loading class java/net/Inet6AddressImpl done
Event: 0.741 Loading class java/net/Inet4AddressImpl

Classes unloaded (0 events):
No events

Classes redefined (0 events):
No events

Internal exceptions (2 events):
Event: 0.573 Thread 0x0000022d2a915740 Exception <a 'sun/nio/fs/WindowsException'{0x000000076bb13930}> (0x000000076bb13930) 
thrown [s\src\hotspot\share\prims\jni.cpp, line 535]
Event: 0.686 Thread 0x0000022d2a915740 Exception <a 'java/lang/NoSuchMethodError'{0x000000076bbf1c80}: 'java.lang.Object java.lang.invoke.DirectMethodHandle$Holder.invokeStaticInit(java.lang.Object, int, int, int, int)'> (0x000000076bbf1c80) 
thrown [s\src\hotspot\share\interpreter\linkResolver.cpp, line 784]

ZGC Phase Switch (0 events):
No events

VM Operations (6 events):
Event: 0.314 Executing VM operation: HandshakeAllThreads (Deoptimize)
Event: 0.314 Executing VM operation: HandshakeAllThreads (Deoptimize) done
Event: 0.341 Executing VM operation: HandshakeAllThreads (Deoptimize)
Event: 0.341 Executing VM operation: HandshakeAllThreads (Deoptimize) done
Event: 0.718 Executing VM operation: HandshakeAllThreads (Deoptimize)
Event: 0.737 Executing VM operation: HandshakeAllThreads (Deoptimize) done

Memory protections (0 events):
No events

Nmethod flushes (0 events):
No events

Events (16 events):
Event: 0.030 Thread 0x0000022d2a915740 Thread added: 0x0000022d2a915740
Event: 0.172 Thread 0x0000022d2a915740 Thread added: 0x0000022d430a63a0
Event: 0.173 Thread 0x0000022d2a915740 Thread added: 0x0000022d430d4180
Event: 0.175 Thread 0x0000022d2a915740 Thread added: 0x0000022d430e8f90
Event: 0.175 Thread 0x0000022d2a915740 Thread added: 0x0000022d430ea700
Event: 0.175 Thread 0x0000022d2a915740 Thread added: 0x0000022d430da580
Event: 0.176 Thread 0x0000022d2a915740 Thread added: 0x0000022d430d8b40
Event: 0.176 Thread 0x0000022d2a915740 Thread added: 0x0000022d430f2440
Event: 0.176 Thread 0x0000022d2a915740 Thread added: 0x0000022d430f3670
Event: 0.250 Thread 0x0000022d2a915740 Thread added: 0x0000022d430d7e20
Event: 0.263 Thread 0x0000022d2a915740 Thread added: 0x0000022d430d84b0
Event: 0.281 Loaded shared library C:\Program Files\JetBrains\PyCharm Community Edition 2024.3.4\jbr\bin\net.dll
Event: 0.286 Loaded shared library C:\Program Files\JetBrains\PyCharm Community Edition 2024.3.4\jbr\bin\nio.dll
Event: 0.304 Loaded shared library C:\Program Files\JetBrains\PyCharm Community Edition 2024.3.4\jbr\bin\zip.dll
Event: 0.467 Loaded shared library C:\Program Files\JetBrains\PyCharm Community Edition 2024.3.4\jbr\bin\jimage.dll
Event: 0.691 Thread 0x0000022d2a915740 Thread added: 0x0000022d430d91d0


Dynamic libraries:
0x00007ff7706d0000 - 0x00007ff7706da000 	C:\Program Files\JetBrains\PyCharm Community Edition 2024.3.4\jbr\bin\java.exe
0x00007ff8a3420000 - 0x00007ff8a3686000 	C:\WINDOWS\SYSTEM32\ntdll.dll
0x00007ff871870000 - 0x00007ff871891000 	C:\Program Files\Avast Software\Avast\aswhook.dll
0x00007ff8a2270000 - 0x00007ff8a2339000 	C:\WINDOWS\System32\KERNEL32.DLL
0x00007ff8a0bb0000 - 0x00007ff8a0faf000 	C:\WINDOWS\System32\KERNELBASE.dll
0x00007ff8a0fc0000 - 0x00007ff8a110c000 	C:\WINDOWS\System32\ucrtbase.dll
0x00007ff88c620000 - 0x00007ff88c638000 	C:\Program Files\JetBrains\PyCharm Community Edition 2024.3.4\jbr\bin\jli.dll
0x00007ff89b390000 - 0x00007ff89b3ab000 	C:\Program Files\JetBrains\PyCharm Community Edition 2024.3.4\jbr\bin\VCRUNTIME140.dll
0x00007ff8a17b0000 - 0x00007ff8a1976000 	C:\WINDOWS\System32\USER32.dll
0x00007ff8a1120000 - 0x00007ff8a1147000 	C:\WINDOWS\System32\win32u.dll
0x00007ff889010000 - 0x00007ff8892a1000 	C:\WINDOWS\WinSxS\amd64_microsoft.windows.common-controls_6595b64144ccf1df_6.0.26100.8972_none_3e0da176e32f9d4b\COMCTL32.dll
0x00007ff8a1780000 - 0x00007ff8a17ab000 	C:\WINDOWS\System32\GDI32.dll
0x00007ff8a2d20000 - 0x00007ff8a2dc9000 	C:\WINDOWS\System32\msvcrt.dll
0x00007ff8a0850000 - 0x00007ff8a0979000 	C:\WINDOWS\System32\gdi32full.dll
0x00007ff8a0b00000 - 0x00007ff8a0ba3000 	C:\WINDOWS\System32\msvcp_win.dll
0x00007ff8a2b60000 - 0x00007ff8a2b92000 	C:\WINDOWS\System32\IMM32.DLL
0x00007ff89b4a0000 - 0x00007ff89b4ac000 	C:\Program Files\JetBrains\PyCharm Community Edition 2024.3.4\jbr\bin\vcruntime140_1.dll
0x00007ff842ae0000 - 0x00007ff842b6d000 	C:\Program Files\JetBrains\PyCharm Community Edition 2024.3.4\jbr\bin\msvcp140.dll
0x00007ff804f10000 - 0x00007ff805cd1000 	C:\Program Files\JetBrains\PyCharm Community Edition 2024.3.4\jbr\bin\server\jvm.dll
0x00007ff8a3310000 - 0x00007ff8a33cc000 	C:\WINDOWS\System32\ADVAPI32.dll
0x00007ff8a15c0000 - 0x00007ff8a166a000 	C:\WINDOWS\System32\sechost.dll
0x00007ff8a31f0000 - 0x00007ff8a3308000 	C:\WINDOWS\System32\RPCRT4.dll
0x00007ff8a14a0000 - 0x00007ff8a1522000 	C:\WINDOWS\System32\WS2_32.dll
0x00007ff8a04b0000 - 0x00007ff8a050e000 	C:\WINDOWS\SYSTEM32\POWRPROF.dll
0x00007ff8985a0000 - 0x00007ff8985d6000 	C:\WINDOWS\SYSTEM32\WINMM.dll
0x00007ff8985e0000 - 0x00007ff8985eb000 	C:\WINDOWS\SYSTEM32\VERSION.dll
0x00007ff8a0490000 - 0x00007ff8a04a5000 	C:\WINDOWS\SYSTEM32\UMPDC.dll
0x00007ff89f2e0000 - 0x00007ff89f2fb000 	C:\WINDOWS\SYSTEM32\kernel.appcore.dll
0x00007ff89b480000 - 0x00007ff89b48a000 	C:\Program Files\JetBrains\PyCharm Community Edition 2024.3.4\jbr\bin\jimage.dll
0x00007ff891980000 - 0x00007ff891bc2000 	C:\WINDOWS\SYSTEM32\DBGHELP.DLL
0x00007ff8a2e00000 - 0x00007ff8a3185000 	C:\WINDOWS\System32\combase.dll
0x00007ff8a1990000 - 0x00007ff8a1a69000 	C:\WINDOWS\System32\OLEAUT32.dll
0x00007ff891940000 - 0x00007ff89197b000 	C:\WINDOWS\SYSTEM32\dbgcore.DLL
0x00007ff8a0980000 - 0x00007ff8a0a2c000 	C:\WINDOWS\System32\bcryptPrimitives.dll
0x00007ff892b20000 - 0x00007ff892b40000 	C:\Program Files\JetBrains\PyCharm Community Edition 2024.3.4\jbr\bin\java.dll
0x00007ff890200000 - 0x00007ff890218000 	C:\Program Files\JetBrains\PyCharm Community Edition 2024.3.4\jbr\bin\zip.dll
0x00007ff8a23d0000 - 0x00007ff8a2b58000 	C:\WINDOWS\System32\SHELL32.dll
0x00007ff89e0c0000 - 0x00007ff89e95b000 	C:\WINDOWS\SYSTEM32\windows.storage.dll
0x00007ff8a2ba0000 - 0x00007ff8a2c99000 	C:\WINDOWS\System32\SHCORE.dll
0x00007ff8a1a90000 - 0x00007ff8a1af6000 	C:\WINDOWS\System32\shlwapi.dll
0x00007ff8a0550000 - 0x00007ff8a0579000 	C:\WINDOWS\SYSTEM32\profapi.dll
0x00007ff893dd0000 - 0x00007ff893de0000 	C:\Program Files\JetBrains\PyCharm Community Edition 2024.3.4\jbr\bin\net.dll
0x00007ff8961a0000 - 0x00007ff8962c8000 	C:\WINDOWS\SYSTEM32\WINHTTP.dll
0x00007ff89f870000 - 0x00007ff89f8dc000 	C:\WINDOWS\system32\mswsock.dll
0x00007ff88d420000 - 0x00007ff88d436000 	C:\Program Files\JetBrains\PyCharm Community Edition 2024.3.4\jbr\bin\nio.dll

dbghelp: loaded successfully - version: 4.0.5 - missing functions: none
symbol engine: initialized successfully - sym options: 0x614 - pdb path: .;C:\Program Files\JetBrains\PyCharm Community Edition 2024.3.4\jbr\bin;C:\WINDOWS\SYSTEM32;C:\Program Files\Avast Software\Avast;C:\WINDOWS\WinSxS\amd64_microsoft.windows.common-controls_6595b64144ccf1df_6.0.26100.8972_none_3e0da176e32f9d4b;C:\Program Files\JetBrains\PyCharm Community Edition 2024.3.4\jbr\bin\server

VM Arguments:
java_command: git4idea.http.GitAskPassApp Username for 'https://github.com': 
java_class_path (initial): C:/Program Files/JetBrains/PyCharm Community Edition 2024.3.4/plugins/vcs-git/lib/git4idea-rt.jar;C:/Program Files/JetBrains/PyCharm Community Edition 2024.3.4/lib/externalProcess-rt.jar
Launcher Type: SUN_STANDARD

[Global flags]
     intx CICompilerCount                          = 3                                         {product} {ergonomic}
     uint ConcGCThreads                            = 1                                         {product} {ergonomic}
     uint G1ConcRefinementThreads                  = 4                                         {product} {ergonomic}
   size_t G1HeapRegionSize                         = 2097152                                   {product} {ergonomic}
    uintx GCDrainStackTargetSize                   = 64                                        {product} {ergonomic}
   size_t InitialHeapSize                          = 167772160                                 {product} {ergonomic}
   size_t MarkStackSize                            = 4194304                                   {product} {ergonomic}
   size_t MaxHeapSize                              = 2652897280                                {product} {ergonomic}
   size_t MaxNewSize                               = 1591738368                                {product} {ergonomic}
   size_t MinHeapDeltaBytes                        = 2097152                                   {product} {ergonomic}
   size_t MinHeapSize                              = 8388608                                   {product} {ergonomic}
    uintx NonNMethodCodeHeapSize                   = 5832780                                {pd product} {ergonomic}
    uintx NonProfiledCodeHeapSize                  = 122912730                              {pd product} {ergonomic}
    uintx ProfiledCodeHeapSize                     = 122912730                              {pd product} {ergonomic}
    uintx ReservedCodeCacheSize                    = 251658240                              {pd product} {ergonomic}
     bool SegmentedCodeCache                       = true                                      {product} {ergonomic}
   size_t SoftMaxHeapSize                          = 2652897280                             {manageable} {ergonomic}
     bool UseCompressedOops                        = true                           {product lp64_product} {ergonomic}
     bool UseG1GC                                  = true                                      {product} {ergonomic}
     bool UseLargePagesIndividualAllocation        = false                                  {pd product} {ergonomic}

Logging:
Log output configuration:
 #0: stdout all=warning uptime,level,tags foldmultilines=false
 #1: stderr all=off uptime,level,tags foldmultilines=false

Environment Variables:
JAVA_HOME=C:\Program Files\Java\jre1.8.0_111
PATH=C:\Program Files\Git\mingw64\libexec\git-core;C:\Program Files\Git\mingw64\libexec\git-core;C:\Program Files\Git\mingw64\bin;C:\Program Files\Git\usr\bin;C:\Users\LENOVO\bin;C:\Users\LENOVO\Desktop\Workforce-Stability-Analyzer\.venv\Scripts;C:\app\LENOVO\product\21c\dbhomeXE\bin;C:\Program Files\Common Files\Oracle\Java\javapath;C:\ProgramData\Oracle\Java\javapath;C:\WINDOWS\system32;C:\WINDOWS;C:\WINDOWS\System32\Wbem;C:\WINDOWS\System32\WindowsPowerShell\v1.0;C:\WINDOWS\System32\OpenSSH;C:\Program Files\Java\jre1.8.0_111\bin;C:\Program Files (x86)\Windows Kits\10\Windows Performance Toolkit;C:\Program Files\dotnet;C:\msys64\mingw64\bin;C:\Users\LENOVO\Downloads\jdk-17.0.12_windows-x64_bin.exe\bin;%sparknew%\bin;%hadoopnew%\bin;C:\Program Files\Docker\Docker\resources\bin;C:\JupyterLab;C:\Program Files\Git\cmd;C:\Users\LENOVO\AppData\Local\Programs\Python\Python39\Scripts;C:\Users\LENOVO\AppData\Local\Programs\Python\Python39;C:\Users\LENOVO\AppData\Local\Programs\Python\Python313\Scripts;C:\Users\LENOVO\AppData\Local\Programs\Python\Python313;C:\Users\LENOVO\AppData\Local\Programs\Python\Launcher;C:\Users\LENOVO\AppData\Local\Microsoft\WindowsApps;C:\Users\LENOVO\AppData\Local\Programs\Microsoft VS Code\bin;C:\Users\LENOVO\AppData\Local\GitHubDesktop\bin;C:\Program Files\JetBrains\PyCharm 2024.3.4\bin;C:\Users\LENOVO\.dotnet\tools;C:\Program Files\JetBrains\PyCharm Community Edition 2024.3.4\bin;C:\Antigravity\bin;C:\Program Files\Java\jre1.8.0_111\bin;C:\Spark1\bin
USERNAME=LENOVO
DISPLAY=:0.0
LC_ALL=en_US.UTF-8
TERM=xterm-256color
TMPDIR=C:\Users\LENOVO\AppData\Local\Temp
OS=Windows_NT
PROCESSOR_IDENTIFIER=AMD64 Family 23 Model 24 Stepping 1, AuthenticAMD
TMP=C:\Users\LENOVO\AppData\Local\Temp
TEMP=C:\Users\LENOVO\AppData\Local\Temp




Periodic native trim disabled

JNI global refs:
JNI global refs: 11, weak refs: 0

JNI global refs memory usage: 835, weak refs: 201

Process memory usage:
Resident Set Size: 51636K (0% of 10359048K total physical memory with 1088948K free physical memory)

OOME stack traces (most recent first):
Classloader memory used:
Loader bootstrap                                                                       : 10647K
Loader jdk.internal.loader.ClassLoaders$PlatformClassLoader                            : 75496B
Loader jdk.internal.loader.ClassLoaders$AppClassLoader                                 : 16400B

---------------  S Y S T E M  ---------------

OS:
 Windows 11 , 64 bit Build 26100 (10.0.26100.9168)
OS uptime: 0 days 23:40 hours
Hyper-V role detected

CPU: total 4 (initial active 4) (4 cores per cpu, 2 threads per core) family 23 model 24 stepping 1 microcode 0x8108102, cx8, cmov, fxsr, ht, mmx, 3dnowpref, sse, sse2, sse3, ssse3, sse4a, sse4.1, sse4.2, popcnt, lzcnt, tsc, tscinvbit, avx, avx2, aes, clmul, bmi1, bmi2, adx, sha, fma, vzeroupper, clflush, clflushopt, hv, rdtscp, f16c
Processor Information for the first 4 processors :
  Max Mhz: 2600, Current Mhz: 2600, Mhz Limit: 2600

Memory: 4k page, system-wide physical 10116M (1063M free)
TotalPageFile size 17436M (AvailPageFile size 1M)
current process WorkingSet (physical memory assigned to process): 50M, peak: 50M
current process commit charge ("private bytes"): 234M, peak: 235M

vm_info: OpenJDK 64-Bit Server VM (21.0.6+8-b631.39) for windows-amd64 JRE (21.0.6+8-b631.39), built on 2025-02-04 by "builduser" with MS VC++ 16.10 / 16.11 (VS2019)

END.
